Year,Title
1865,La Confession de Claude
1952,Waiting for Godot
1870,"20,000 Leagues Under the Sea"
